Starting a Gradle Daemon, 1 busy and 1 incompatible and 1 stopped Daemons could not be reused, use --status for details
> Task :compileJava UP-TO-DATE
> Task :processResources UP-TO-DATE
> Task :classes UP-TO-DATE
> Task :resolveMainClassName

> Task :bootRun
Standard Commons Logging discovery in action with spring-jcl: please remove commons-logging.jar from classpath in order to avoid potential conflicts

  .   ____          _            __ _ _
 /\\ / ___'_ __ _ _(_)_ __  __ _ \ \ \ \
( ( )\___ | '_ | '_| | '_ \/ _` | \ \ \ \
 \\/  ___)| |_)| | | | | || (_| |  ) ) ) )
  '  |____| .__|_| |_|_| |_\__, | / / / /
 =========|_|==============|___/=/_/_/_/

 :: Spring Boot ::                (v3.5.3)

2026-07-22T01:05:35.439+09:00  INFO 42712 --- [sbs] [           main] com.bk.sbs.SbsApplication                : Starting SbsApplication using Java 21.0.8 with PID 42712 (D:\BK\thefirst\thefirst_server\build\classes\java\main started by bk in D:\BK\thefirst\thefirst_server)
2026-07-22T01:05:35.441+09:00 DEBUG 42712 --- [sbs] [           main] com.bk.sbs.SbsApplication                : Running with Spring Boot v3.5.3, Spring v6.2.8
2026-07-22T01:05:35.441+09:00  INFO 42712 --- [sbs] [           main] com.bk.sbs.SbsApplication                : The following 1 profile is active: "dev"
2026-07-22T01:05:36.048+09:00  INFO 42712 --- [sbs] [           main] .s.d.r.c.RepositoryConfigurationDelegate : Multiple Spring Data modules found, entering strict repository configuration mode
2026-07-22T01:05:36.049+09:00  INFO 42712 --- [sbs] [           main] .s.d.r.c.RepositoryConfigurationDelegate : Bootstrapping Spring Data JPA repositories in DEFAULT mode.
2026-07-22T01:05:36.195+09:00  INFO 42712 --- [sbs] [           main] .s.d.r.c.RepositoryConfigurationDelegate : Finished Spring Data repository scanning in 138 ms. Found 13 JPA repository interfaces.
2026-07-22T01:05:36.209+09:00  INFO 42712 --- [sbs] [           main] .s.d.r.c.RepositoryConfigurationDelegate : Multiple Spring Data modules found, entering strict repository configuration mode
2026-07-22T01:05:36.210+09:00  INFO 42712 --- [sbs] [           main] .s.d.r.c.RepositoryConfigurationDelegate : Bootstrapping Spring Data Redis repositories in DEFAULT mode.
2026-07-22T01:05:36.224+09:00  INFO 42712 --- [sbs] [           main] .RepositoryConfigurationExtensionSupport : Spring Data Redis - Could not safely identify store assignment for repository candidate interface com.bk.sbs.repository.AccountRepository; If you want this repository to be a Redis repository, consider annotating your entities with one of these annotations: org.springframework.data.redis.core.RedisHash (preferred), or consider extending one of the following types with your repository: org.springframework.data.keyvalue.repository.KeyValueRepository
2026-07-22T01:05:36.225+09:00  INFO 42712 --- [sbs] [           main] .RepositoryConfigurationExtensionSupport : Spring Data Redis - Could not safely identify store assignment for repository candidate interface com.bk.sbs.repository.AppConfigRepository; If you want this repository to be a Redis repository, consider annotating your entities with one of these annotations: org.springframework.data.redis.core.RedisHash (preferred), or consider extending one of the following types with your repository: org.springframework.data.keyvalue.repository.KeyValueRepository
2026-07-22T01:05:36.226+09:00  INFO 42712 --- [sbs] [           main] .RepositoryConfigurationExtensionSupport : Spring Data Redis - Could not safely identify store assignment for repository candidate interface com.bk.sbs.repository.ClearedZoneRepository; If you want this repository to be a Redis repository, consider annotating your entities with one of these annotations: org.springframework.data.redis.core.RedisHash (preferred), or consider extending one of the following types with your repository: org.springframework.data.keyvalue.repository.KeyValueRepository
2026-07-22T01:05:36.227+09:00  INFO 42712 --- [sbs] [           main] .RepositoryConfigurationExtensionSupport : Spring Data Redis - Could not safely identify store assignment for repository candidate interface com.bk.sbs.repository.CommanderFleetPresetRepository; If you want this repository to be a Redis repository, consider annotating your entities with one of these annotations: org.springframework.data.redis.core.RedisHash (preferred), or consider extending one of the following types with your repository: org.springframework.data.keyvalue.repository.KeyValueRepository
2026-07-22T01:05:36.227+09:00  INFO 42712 --- [sbs] [           main] .RepositoryConfigurationExtensionSupport : Spring Data Redis - Could not safely identify store assignment for repository candidate interface com.bk.sbs.repository.CommanderRepository; If you want this repository to be a Redis repository, consider annotating your entities with one of these annotations: org.springframework.data.redis.core.RedisHash (preferred), or consider extending one of the following types with your repository: org.springframework.data.keyvalue.repository.KeyValueRepository
2026-07-22T01:05:36.227+09:00  INFO 42712 --- [sbs] [           main] .RepositoryConfigurationExtensionSupport : Spring Data Redis - Could not safely identify store assignment for repository candidate interface com.bk.sbs.repository.FleetRepository; If you want this repository to be a Redis repository, consider annotating your entities with one of these annotations: org.springframework.data.redis.core.RedisHash (preferred), or consider extending one of the following types with your repository: org.springframework.data.keyvalue.repository.KeyValueRepository
2026-07-22T01:05:36.227+09:00  INFO 42712 --- [sbs] [           main] .RepositoryConfigurationExtensionSupport : Spring Data Redis - Could not safely identify store assignment for repository candidate interface com.bk.sbs.repository.ProgressRepository; If you want this repository to be a Redis repository, consider annotating your entities with one of these annotations: org.springframework.data.redis.core.RedisHash (preferred), or consider extending one of the following types with your repository: org.springframework.data.keyvalue.repository.KeyValueRepository
2026-07-22T01:05:36.227+09:00  INFO 42712 --- [sbs] [           main] .RepositoryConfigurationExtensionSupport : Spring Data Redis - Could not safely identify store assignment for repository candidate interface com.bk.sbs.repository.PvpRecordRepository; If you want this repository to be a Redis repository, consider annotating your entities with one of these annotations: org.springframework.data.redis.core.RedisHash (preferred), or consider extending one of the following types with your repository: org.springframework.data.keyvalue.repository.KeyValueRepository
2026-07-22T01:05:36.228+09:00  INFO 42712 --- [sbs] [           main] .RepositoryConfigurationExtensionSupport : Spring Data Redis - Could not safely identify store assignment for repository candidate interface com.bk.sbs.repository.PvpSeasonRepository; If you want this repository to be a Redis repository, consider annotating your entities with one of these annotations: org.springframework.data.redis.core.RedisHash (preferred), or consider extending one of the following types with your repository: org.springframework.data.keyvalue.repository.KeyValueRepository
2026-07-22T01:05:36.228+09:00  INFO 42712 --- [sbs] [           main] .RepositoryConfigurationExtensionSupport : Spring Data Redis - Could not safely identify store assignment for repository candidate interface com.bk.sbs.repository.RedeemCodeUsageRepository; If you want this repository to be a Redis repository, consider annotating your entities with one of these annotations: org.springframework.data.redis.core.RedisHash (preferred), or consider extending one of the following types with your repository: org.springframework.data.keyvalue.repository.KeyValueRepository
2026-07-22T01:05:36.228+09:00  INFO 42712 --- [sbs] [           main] .RepositoryConfigurationExtensionSupport : Spring Data Redis - Could not safely identify store assignment for repository candidate interface com.bk.sbs.repository.ShipModuleRepository; If you want this repository to be a Redis repository, consider annotating your entities with one of these annotations: org.springframework.data.redis.core.RedisHash (preferred), or consider extending one of the following types with your repository: org.springframework.data.keyvalue.repository.KeyValueRepository
2026-07-22T01:05:36.228+09:00  INFO 42712 --- [sbs] [           main] .RepositoryConfigurationExtensionSupport : Spring Data Redis - Could not safely identify store assignment for repository candidate interface com.bk.sbs.repository.ShipRepository; If you want this repository to be a Redis repository, consider annotating your entities with one of these annotations: org.springframework.data.redis.core.RedisHash (preferred), or consider extending one of the following types with your repository: org.springframework.data.keyvalue.repository.KeyValueRepository
2026-07-22T01:05:36.228+09:00  INFO 42712 --- [sbs] [           main] .RepositoryConfigurationExtensionSupport : Spring Data Redis - Could not safely identify store assignment for repository candidate interface com.bk.sbs.repository.VipSubscriptionRepository; If you want this repository to be a Redis repository, consider annotating your entities with one of these annotations: org.springframework.data.redis.core.RedisHash (preferred), or consider extending one of the following types with your repository: org.springframework.data.keyvalue.repository.KeyValueRepository
2026-07-22T01:05:36.228+09:00  INFO 42712 --- [sbs] [           main] .s.d.r.c.RepositoryConfigurationDelegate : Finished Spring Data repository scanning in 10 ms. Found 0 Redis repository interfaces.
2026-07-22T01:05:36.694+09:00  INFO 42712 --- [sbs] [           main] o.s.b.w.embedded.tomcat.TomcatWebServer  : Tomcat initialized with port 8080 (http)
2026-07-22T01:05:36.707+09:00  INFO 42712 --- [sbs] [           main] o.apache.catalina.core.StandardService   : Starting service [Tomcat]
2026-07-22T01:05:36.707+09:00  INFO 42712 --- [sbs] [           main] o.apache.catalina.core.StandardEngine    : Starting Servlet engine: [Apache Tomcat/10.1.42]
2026-07-22T01:05:36.771+09:00  INFO 42712 --- [sbs] [           main] o.a.c.c.C.[Tomcat].[localhost].[/]       : Initializing Spring embedded WebApplicationContext
2026-07-22T01:05:36.771+09:00  INFO 42712 --- [sbs] [           main] w.s.c.ServletWebServerApplicationContext : Root WebApplicationContext: initialization completed in 1300 ms
Standard Commons Logging discovery in action with spring-jcl: please remove commons-logging.jar from classpath in order to avoid potential conflicts
2026-07-22T01:05:36.814+09:00 DEBUG 42712 --- [sbs] [           main] c.b.s.security.JwtAuthenticationFilter   : Filter 'jwtAuthenticationFilter' configured for use
2026-07-22T01:05:36.858+09:00 DEBUG 42712 --- [sbs] [           main] com.zaxxer.hikari.HikariConfig           : Class org.mariadb.jdbc.Driver found in Thread context class loader jdk.internal.loader.ClassLoaders$AppClassLoader@6bc7c054
2026-07-22T01:05:36.980+09:00 DEBUG 42712 --- [sbs] [           main] com.zaxxer.hikari.HikariConfig           : HikariPool-1 - configuration:
2026-07-22T01:05:36.982+09:00 DEBUG 42712 --- [sbs] [           main] com.zaxxer.hikari.HikariConfig           : allowPoolSuspension.............false
2026-07-22T01:05:36.982+09:00 DEBUG 42712 --- [sbs] [           main] com.zaxxer.hikari.HikariConfig           : autoCommit......................true
2026-07-22T01:05:36.982+09:00 DEBUG 42712 --- [sbs] [           main] com.zaxxer.hikari.HikariConfig           : catalog.........................none
2026-07-22T01:05:36.983+09:00 DEBUG 42712 --- [sbs] [           main] com.zaxxer.hikari.HikariConfig           : connectionInitSql...............none
2026-07-22T01:05:36.983+09:00 DEBUG 42712 --- [sbs] [           main] com.zaxxer.hikari.HikariConfig           : connectionTestQuery.............none
2026-07-22T01:05:36.983+09:00 DEBUG 42712 --- [sbs] [           main] com.zaxxer.hikari.HikariConfig           : connectionTimeout...............30000
2026-07-22T01:05:36.983+09:00 DEBUG 42712 --- [sbs] [           main] com.zaxxer.hikari.HikariConfig           : credentials.....................com.zaxxer.hikari.util.Credentials@987a0bb
2026-07-22T01:05:36.983+09:00 DEBUG 42712 --- [sbs] [           main] com.zaxxer.hikari.HikariConfig           : dataSource......................none
2026-07-22T01:05:36.983+09:00 DEBUG 42712 --- [sbs] [           main] com.zaxxer.hikari.HikariConfig           : dataSourceClassName.............none
2026-07-22T01:05:36.983+09:00 DEBUG 42712 --- [sbs] [           main] com.zaxxer.hikari.HikariConfig           : dataSourceJNDI..................none
2026-07-22T01:05:36.984+09:00 DEBUG 42712 --- [sbs] [           main] com.zaxxer.hikari.HikariConfig           : dataSourceProperties............{password=<masked>}
2026-07-22T01:05:36.984+09:00 DEBUG 42712 --- [sbs] [           main] com.zaxxer.hikari.HikariConfig           : driverClassName................."org.mariadb.jdbc.Driver"
2026-07-22T01:05:36.984+09:00 DEBUG 42712 --- [sbs] [           main] com.zaxxer.hikari.HikariConfig           : exceptionOverride...............none
2026-07-22T01:05:36.984+09:00 DEBUG 42712 --- [sbs] [           main] com.zaxxer.hikari.HikariConfig           : exceptionOverrideClassName......none
2026-07-22T01:05:36.984+09:00 DEBUG 42712 --- [sbs] [           main] com.zaxxer.hikari.HikariConfig           : healthCheckProperties...........{}
2026-07-22T01:05:36.984+09:00 DEBUG 42712 --- [sbs] [           main] com.zaxxer.hikari.HikariConfig           : healthCheckRegistry.............none
2026-07-22T01:05:36.985+09:00 DEBUG 42712 --- [sbs] [           main] com.zaxxer.hikari.HikariConfig           : idleTimeout.....................600000
2026-07-22T01:05:36.985+09:00 DEBUG 42712 --- [sbs] [           main] com.zaxxer.hikari.HikariConfig           : initializationFailTimeout.......1
2026-07-22T01:05:36.985+09:00 DEBUG 42712 --- [sbs] [           main] com.zaxxer.hikari.HikariConfig           : isolateInternalQueries..........false
2026-07-22T01:05:36.985+09:00 DEBUG 42712 --- [sbs] [           main] com.zaxxer.hikari.HikariConfig           : jdbcUrl.........................jdbc:mariadb://127.0.0.1:3306/GameDB?serverTimezone=Asia/Seoul&characterEncoding=UTF-8
2026-07-22T01:05:36.985+09:00 DEBUG 42712 --- [sbs] [           main] com.zaxxer.hikari.HikariConfig           : keepaliveTime...................120000
2026-07-22T01:05:36.985+09:00 DEBUG 42712 --- [sbs] [           main] com.zaxxer.hikari.HikariConfig           : leakDetectionThreshold..........0
2026-07-22T01:05:36.985+09:00 DEBUG 42712 --- [sbs] [           main] com.zaxxer.hikari.HikariConfig           : maxLifetime.....................1800000
2026-07-22T01:05:36.986+09:00 DEBUG 42712 --- [sbs] [           main] com.zaxxer.hikari.HikariConfig           : maximumPoolSize.................10
2026-07-22T01:05:36.986+09:00 DEBUG 42712 --- [sbs] [           main] com.zaxxer.hikari.HikariConfig           : metricRegistry..................none
2026-07-22T01:05:36.986+09:00 DEBUG 42712 --- [sbs] [           main] com.zaxxer.hikari.HikariConfig           : metricsTrackerFactory...........none
2026-07-22T01:05:36.986+09:00 DEBUG 42712 --- [sbs] [           main] com.zaxxer.hikari.HikariConfig           : minimumIdle.....................10
2026-07-22T01:05:36.986+09:00 DEBUG 42712 --- [sbs] [           main] com.zaxxer.hikari.HikariConfig           : password........................<masked>
2026-07-22T01:05:36.986+09:00 DEBUG 42712 --- [sbs] [           main] com.zaxxer.hikari.HikariConfig           : poolName........................"HikariPool-1"
2026-07-22T01:05:36.986+09:00 DEBUG 42712 --- [sbs] [           main] com.zaxxer.hikari.HikariConfig           : readOnly........................false
2026-07-22T01:05:36.986+09:00 DEBUG 42712 --- [sbs] [           main] com.zaxxer.hikari.HikariConfig           : registerMbeans..................false
2026-07-22T01:05:36.987+09:00 DEBUG 42712 --- [sbs] [           main] com.zaxxer.hikari.HikariConfig           : scheduledExecutor...............none
2026-07-22T01:05:36.987+09:00 DEBUG 42712 --- [sbs] [           main] com.zaxxer.hikari.HikariConfig           : schema..........................none
2026-07-22T01:05:36.987+09:00 DEBUG 42712 --- [sbs] [           main] com.zaxxer.hikari.HikariConfig           : threadFactory...................internal
2026-07-22T01:05:36.987+09:00 DEBUG 42712 --- [sbs] [           main] com.zaxxer.hikari.HikariConfig           : transactionIsolation............default
2026-07-22T01:05:36.987+09:00 DEBUG 42712 --- [sbs] [           main] com.zaxxer.hikari.HikariConfig           : username........................"root"
2026-07-22T01:05:36.987+09:00 DEBUG 42712 --- [sbs] [           main] com.zaxxer.hikari.HikariConfig           : validationTimeout...............5000
2026-07-22T01:05:36.987+09:00  INFO 42712 --- [sbs] [           main] com.zaxxer.hikari.HikariDataSource       : HikariPool-1 - Starting...
2026-07-22T01:05:36.996+09:00 DEBUG 42712 --- [sbs] [           main] com.zaxxer.hikari.pool.PoolBase          : HikariPool-1 - Attempting to create/setup new connection (acc9f49c-91e7-4023-b866-65f55d054268)
2026-07-22T01:05:37.056+09:00 DEBUG 42712 --- [sbs] [           main] com.zaxxer.hikari.pool.PoolBase          : HikariPool-1 - Established new connection (acc9f49c-91e7-4023-b866-65f55d054268)
2026-07-22T01:05:37.056+09:00  INFO 42712 --- [sbs] [           main] com.zaxxer.hikari.pool.HikariPool        : HikariPool-1 - Added connection org.mariadb.jdbc.Connection@1682e6a
2026-07-22T01:05:37.058+09:00  INFO 42712 --- [sbs] [           main] com.zaxxer.hikari.HikariDataSource       : HikariPool-1 - Start completed.
2026-07-22T01:05:37.078+09:00  WARN 42712 --- [sbs] [           main] o.m.jdbc.message.server.ErrorPacket      : Error: 1193-HY000: Unknown system variable 'WSREP_ON'
2026-07-22T01:05:37.099+09:00  INFO 42712 --- [sbs] [           main] org.flywaydb.core.FlywayExecutor         : Database: jdbc:mariadb://127.0.0.1/GameDB?user=root&password=********&serverTimezone=Asia/Seoul&characterEncoding=UTF-8 (MariaDB 11.8)
2026-07-22T01:05:37.104+09:00  WARN 42712 --- [sbs] [           main] o.f.c.internal.database.base.Database    : Flyway upgrade recommended: MariaDB 11.8 is newer than this version of Flyway and support has not been tested. The latest supported version of MariaDB is 11.2.
2026-07-22T01:05:37.128+09:00  INFO 42712 --- [sbs] [           main] o.f.core.internal.command.DbValidate     : Successfully validated 2 migrations (execution time 00:00.017s)
2026-07-22T01:05:37.134+09:00  INFO 42712 --- [sbs] [           main] o.f.core.internal.command.DbMigrate      : Current version of schema `gamedb`: 1
2026-07-22T01:05:37.136+09:00  INFO 42712 --- [sbs] [           main] o.f.core.internal.command.DbMigrate      : Schema `gamedb` is up to date. No migration necessary.
2026-07-22T01:05:37.170+09:00 DEBUG 42712 --- [sbs] [l-1:housekeeper] com.zaxxer.hikari.pool.HikariPool        : HikariPool-1 - Pool stats (total=1/10, idle=1/10, active=0, waiting=0)
2026-07-22T01:05:37.170+09:00 DEBUG 42712 --- [sbs] [onnection-adder] com.zaxxer.hikari.pool.PoolBase          : HikariPool-1 - Attempting to create/setup new connection (cd681fd0-59f6-499c-8b53-166989972864)
2026-07-22T01:05:37.173+09:00 DEBUG 42712 --- [sbs] [onnection-adder] com.zaxxer.hikari.pool.PoolBase          : HikariPool-1 - Established new connection (cd681fd0-59f6-499c-8b53-166989972864)
2026-07-22T01:05:37.173+09:00 DEBUG 42712 --- [sbs] [onnection-adder] com.zaxxer.hikari.pool.HikariPool        : HikariPool-1 - Added connection org.mariadb.jdbc.Connection@5f7c55de
2026-07-22T01:05:37.199+09:00  INFO 42712 --- [sbs] [           main] o.hibernate.jpa.internal.util.LogHelper  : HHH000204: Processing PersistenceUnitInfo [name: default]
2026-07-22T01:05:37.216+09:00 DEBUG 42712 --- [sbs] [onnection-adder] com.zaxxer.hikari.pool.HikariPool        : HikariPool-1 - After adding stats (total=2/10, idle=2/10, active=0, waiting=0)
2026-07-22T01:05:37.216+09:00 DEBUG 42712 --- [sbs] [onnection-adder] com.zaxxer.hikari.pool.PoolBase          : HikariPool-1 - Attempting to create/setup new connection (0e1fb965-5348-498f-a21c-22a839e2c1f5)
2026-07-22T01:05:37.219+09:00 DEBUG 42712 --- [sbs] [onnection-adder] com.zaxxer.hikari.pool.PoolBase          : HikariPool-1 - Established new connection (0e1fb965-5348-498f-a21c-22a839e2c1f5)
2026-07-22T01:05:37.219+09:00 DEBUG 42712 --- [sbs] [onnection-adder] com.zaxxer.hikari.pool.HikariPool        : HikariPool-1 - Added connection org.mariadb.jdbc.Connection@ab9991f
2026-07-22T01:05:37.240+09:00  INFO 42712 --- [sbs] [           main] org.hibernate.Version                    : HHH000412: Hibernate ORM core version 6.6.18.Final
2026-07-22T01:05:37.262+09:00 DEBUG 42712 --- [sbs] [onnection-adder] com.zaxxer.hikari.pool.HikariPool        : HikariPool-1 - After adding stats (total=3/10, idle=3/10, active=0, waiting=0)
2026-07-22T01:05:37.262+09:00 DEBUG 42712 --- [sbs] [onnection-adder] com.zaxxer.hikari.pool.PoolBase          : HikariPool-1 - Attempting to create/setup new connection (8dec4ed5-16ab-49a6-ace9-d5c3c3ad1f23)
2026-07-22T01:05:37.265+09:00 DEBUG 42712 --- [sbs] [onnection-adder] com.zaxxer.hikari.pool.PoolBase          : HikariPool-1 - Established new connection (8dec4ed5-16ab-49a6-ace9-d5c3c3ad1f23)
2026-07-22T01:05:37.265+09:00 DEBUG 42712 --- [sbs] [onnection-adder] com.zaxxer.hikari.pool.HikariPool        : HikariPool-1 - Added connection org.mariadb.jdbc.Connection@6b1216fd
2026-07-22T01:05:37.267+09:00  INFO 42712 --- [sbs] [           main] o.h.c.internal.RegionFactoryInitiator    : HHH000026: Second-level cache disabled
2026-07-22T01:05:37.307+09:00 DEBUG 42712 --- [sbs] [onnection-adder] com.zaxxer.hikari.pool.HikariPool        : HikariPool-1 - After adding stats (total=4/10, idle=4/10, active=0, waiting=0)
2026-07-22T01:05:37.307+09:00 DEBUG 42712 --- [sbs] [onnection-adder] com.zaxxer.hikari.pool.PoolBase          : HikariPool-1 - Attempting to create/setup new connection (4a742e42-e48d-4ef7-8b13-58f2ef62be16)
2026-07-22T01:05:37.310+09:00 DEBUG 42712 --- [sbs] [onnection-adder] com.zaxxer.hikari.pool.PoolBase          : HikariPool-1 - Established new connection (4a742e42-e48d-4ef7-8b13-58f2ef62be16)
2026-07-22T01:05:37.310+09:00 DEBUG 42712 --- [sbs] [onnection-adder] com.zaxxer.hikari.pool.HikariPool        : HikariPool-1 - Added connection org.mariadb.jdbc.Connection@75a13976
2026-07-22T01:05:37.352+09:00 DEBUG 42712 --- [sbs] [onnection-adder] com.zaxxer.hikari.pool.HikariPool        : HikariPool-1 - After adding stats (total=5/10, idle=5/10, active=0, waiting=0)
2026-07-22T01:05:37.352+09:00 DEBUG 42712 --- [sbs] [onnection-adder] com.zaxxer.hikari.pool.PoolBase          : HikariPool-1 - Attempting to create/setup new connection (1f299ada-1f2d-4212-a27c-14c06ec730b6)
2026-07-22T01:05:37.354+09:00 DEBUG 42712 --- [sbs] [onnection-adder] com.zaxxer.hikari.pool.PoolBase          : HikariPool-1 - Established new connection (1f299ada-1f2d-4212-a27c-14c06ec730b6)
2026-07-22T01:05:37.354+09:00 DEBUG 42712 --- [sbs] [onnection-adder] com.zaxxer.hikari.pool.HikariPool        : HikariPool-1 - Added connection org.mariadb.jdbc.Connection@39a6a13e
2026-07-22T01:05:37.398+09:00 DEBUG 42712 --- [sbs] [onnection-adder] com.zaxxer.hikari.pool.HikariPool        : HikariPool-1 - After adding stats (total=6/10, idle=6/10, active=0, waiting=0)
2026-07-22T01:05:37.398+09:00 DEBUG 42712 --- [sbs] [onnection-adder] com.zaxxer.hikari.pool.PoolBase          : HikariPool-1 - Attempting to create/setup new connection (e1c975fc-391e-4dba-9f21-91d10edf9941)
2026-07-22T01:05:37.400+09:00 DEBUG 42712 --- [sbs] [onnection-adder] com.zaxxer.hikari.pool.PoolBase          : HikariPool-1 - Established new connection (e1c975fc-391e-4dba-9f21-91d10edf9941)
2026-07-22T01:05:37.401+09:00 DEBUG 42712 --- [sbs] [onnection-adder] com.zaxxer.hikari.pool.HikariPool        : HikariPool-1 - Added connection org.mariadb.jdbc.Connection@79744f2d
2026-07-22T01:05:37.443+09:00 DEBUG 42712 --- [sbs] [onnection-adder] com.zaxxer.hikari.pool.HikariPool        : HikariPool-1 - After adding stats (total=7/10, idle=7/10, active=0, waiting=0)
2026-07-22T01:05:37.443+09:00 DEBUG 42712 --- [sbs] [onnection-adder] com.zaxxer.hikari.pool.PoolBase          : HikariPool-1 - Attempting to create/setup new connection (50b547af-b73a-420a-8433-fdb1f3bc0b16)
2026-07-22T01:05:37.445+09:00 DEBUG 42712 --- [sbs] [onnection-adder] com.zaxxer.hikari.pool.PoolBase          : HikariPool-1 - Established new connection (50b547af-b73a-420a-8433-fdb1f3bc0b16)
2026-07-22T01:05:37.446+09:00 DEBUG 42712 --- [sbs] [onnection-adder] com.zaxxer.hikari.pool.HikariPool        : HikariPool-1 - Added connection org.mariadb.jdbc.Connection@299b827
2026-07-22T01:05:37.484+09:00  INFO 42712 --- [sbs] [           main] o.s.o.j.p.SpringPersistenceUnitInfo      : No LoadTimeWeaver setup: ignoring JPA class transformer
2026-07-22T01:05:37.488+09:00 DEBUG 42712 --- [sbs] [onnection-adder] com.zaxxer.hikari.pool.HikariPool        : HikariPool-1 - After adding stats (total=8/10, idle=8/10, active=0, waiting=0)
2026-07-22T01:05:37.488+09:00 DEBUG 42712 --- [sbs] [onnection-adder] com.zaxxer.hikari.pool.PoolBase          : HikariPool-1 - Attempting to create/setup new connection (35082074-068a-4a3d-b0f8-ba3a3f7114c4)
2026-07-22T01:05:37.491+09:00 DEBUG 42712 --- [sbs] [onnection-adder] com.zaxxer.hikari.pool.PoolBase          : HikariPool-1 - Established new connection (35082074-068a-4a3d-b0f8-ba3a3f7114c4)
2026-07-22T01:05:37.491+09:00 DEBUG 42712 --- [sbs] [onnection-adder] com.zaxxer.hikari.pool.HikariPool        : HikariPool-1 - Added connection org.mariadb.jdbc.Connection@1b43e07
2026-07-22T01:05:37.534+09:00 DEBUG 42712 --- [sbs] [onnection-adder] com.zaxxer.hikari.pool.HikariPool        : HikariPool-1 - After adding stats (total=9/10, idle=8/10, active=1, waiting=0)
2026-07-22T01:05:37.534+09:00 DEBUG 42712 --- [sbs] [onnection-adder] com.zaxxer.hikari.pool.PoolBase          : HikariPool-1 - Attempting to create/setup new connection (a828b819-a5e8-4a5f-99df-fd6c07e6bab1)
2026-07-22T01:05:37.537+09:00 DEBUG 42712 --- [sbs] [onnection-adder] com.zaxxer.hikari.pool.PoolBase          : HikariPool-1 - Established new connection (a828b819-a5e8-4a5f-99df-fd6c07e6bab1)
2026-07-22T01:05:37.537+09:00 DEBUG 42712 --- [sbs] [onnection-adder] com.zaxxer.hikari.pool.HikariPool        : HikariPool-1 - Added connection org.mariadb.jdbc.Connection@993fa3c
2026-07-22T01:05:37.545+09:00  INFO 42712 --- [sbs] [           main] org.hibernate.orm.connections.pooling    : HHH10001005: Database info:
	Database JDBC URL [Connecting through datasource 'HikariDataSource (HikariPool-1)']
	Database driver: undefined/unknown
	Database version: 11.8.5
	Autocommit mode: undefined/unknown
	Isolation level: undefined/unknown
	Minimum pool size: undefined/unknown
	Maximum pool size: undefined/unknown
2026-07-22T01:05:37.551+09:00 DEBUG 42712 --- [sbs] [           main] o.h.t.d.sql.spi.DdlTypeRegistry          : addDescriptor(12, org.hibernate.type.descriptor.sql.internal.CapacityDependentDdlType@3b8d2abe) replaced previous registration(org.hibernate.type.descriptor.sql.internal.CapacityDependentDdlType@6669cba)
2026-07-22T01:05:37.551+09:00 DEBUG 42712 --- [sbs] [           main] o.h.t.d.sql.spi.DdlTypeRegistry          : addDescriptor(-9, org.hibernate.type.descriptor.sql.internal.CapacityDependentDdlType@37c74e4e) replaced previous registration(org.hibernate.type.descriptor.sql.internal.CapacityDependentDdlType@128a188a)
2026-07-22T01:05:37.551+09:00 DEBUG 42712 --- [sbs] [           main] o.h.t.d.sql.spi.DdlTypeRegistry          : addDescriptor(-3, org.hibernate.type.descriptor.sql.internal.CapacityDependentDdlType@400008bf) replaced previous registration(org.hibernate.type.descriptor.sql.internal.CapacityDependentDdlType@72b1df49)
2026-07-22T01:05:37.552+09:00 DEBUG 42712 --- [sbs] [           main] o.h.t.d.sql.spi.DdlTypeRegistry          : addDescriptor(4003, org.hibernate.type.descriptor.sql.internal.DdlTypeImpl@7f894a6f) replaced previous registration(org.hibernate.type.descriptor.sql.internal.DdlTypeImpl@3d05435c)
2026-07-22T01:05:37.552+09:00 DEBUG 42712 --- [sbs] [           main] o.h.t.d.sql.spi.DdlTypeRegistry          : addDescriptor(4001, org.hibernate.type.descriptor.sql.internal.DdlTypeImpl@7d80e1b3) replaced previous registration(org.hibernate.type.descriptor.sql.internal.DdlTypeImpl@1b732dd)
2026-07-22T01:05:37.552+09:00 DEBUG 42712 --- [sbs] [           main] o.h.t.d.sql.spi.DdlTypeRegistry          : addDescriptor(4002, org.hibernate.type.descriptor.sql.internal.DdlTypeImpl@3458dab6) replaced previous registration(org.hibernate.type.descriptor.sql.internal.DdlTypeImpl@23d060c2)
2026-07-22T01:05:37.552+09:00 DEBUG 42712 --- [sbs] [           main] o.h.t.d.sql.spi.DdlTypeRegistry          : addDescriptor(2004, org.hibernate.type.descriptor.sql.internal.CapacityDependentDdlType@59278072) replaced previous registration(org.hibernate.type.descriptor.sql.internal.DdlTypeImpl@61be6051)
2026-07-22T01:05:37.552+09:00 DEBUG 42712 --- [sbs] [           main] o.h.t.d.sql.spi.DdlTypeRegistry          : addDescriptor(2005, org.hibernate.type.descriptor.sql.internal.CapacityDependentDdlType@13c18bba) replaced previous registration(org.hibernate.type.descriptor.sql.internal.DdlTypeImpl@33373f70)
2026-07-22T01:05:37.552+09:00 DEBUG 42712 --- [sbs] [           main] o.h.t.d.sql.spi.DdlTypeRegistry          : addDescriptor(2011, org.hibernate.type.descriptor.sql.internal.CapacityDependentDdlType@56f61d74) replaced previous registration(org.hibernate.type.descriptor.sql.internal.DdlTypeImpl@44d84313)
2026-07-22T01:05:37.579+09:00 DEBUG 42712 --- [sbs] [onnection-adder] com.zaxxer.hikari.pool.HikariPool        : HikariPool-1 - After adding stats (total=10/10, idle=10/10, active=0, waiting=0)
2026-07-22T01:05:38.439+09:00  INFO 42712 --- [sbs] [           main] o.h.e.t.j.p.i.JtaPlatformInitiator       : HHH000489: No JTA platform available (set 'hibernate.transaction.jta.platform' to enable JTA platform integration)
2026-07-22T01:05:38.473+09:00  INFO 42712 --- [sbs] [           main] j.LocalContainerEntityManagerFactoryBean : Initialized JPA EntityManagerFactory for persistence unit 'default'
2026-07-22T01:05:38.477+09:00  INFO 42712 --- [sbs] [           main] com.bk.sbs.config.FirebaseConfig         : Starting Firebase initialization...
2026-07-22T01:05:38.482+09:00  INFO 42712 --- [sbs] [           main] com.bk.sbs.config.FirebaseConfig         : No existing Firebase apps found, initializing new app...
2026-07-22T01:05:38.482+09:00  INFO 42712 --- [sbs] [           main] com.bk.sbs.config.FirebaseConfig         : Loading Firebase credentials from: firebase-service-account.json
2026-07-22T01:05:38.530+09:00  INFO 42712 --- [sbs] [           main] com.bk.sbs.config.FirebaseConfig         : Firebase initialized successfully!
2026-07-22T01:05:38.760+09:00  INFO 42712 --- [sbs] [           main] o.s.d.j.r.query.QueryEnhancerFactory     : Hibernate is in classpath; If applicable, HQL parser will be used.
2026-07-22T01:05:39.454+09:00  INFO 42712 --- [sbs] [           main] com.bk.sbs.service.GameDataService       : GameConfig.json loaded successfully from resources/data/
2026-07-22T01:05:39.511+09:00  INFO 42712 --- [sbs] [           main] com.bk.sbs.service.GameDataService       : DataTableModule.json loaded successfully from resources/data/ (fallback mode)
2026-07-22T01:05:39.515+09:00  INFO 42712 --- [sbs] [           main] com.bk.sbs.service.GameDataService       : DataTableUpgradeCost.json loaded: 14 entries
2026-07-22T01:05:39.517+09:00  INFO 42712 --- [sbs] [           main] com.bk.sbs.service.GameDataService       : DataTableCommanderLevel.json loaded: 50 entries
2026-07-22T01:05:40.105+09:00  INFO 42712 --- [sbs] [           main] com.bk.sbs.service.GameDataService       : ZoneConfig.json loaded successfully from resources/data/
2026-07-22T01:05:40.107+09:00  INFO 42712 --- [sbs] [           main] com.bk.sbs.service.GameDataService       : DataTablePvpSeason.json loaded successfully from resources/data/
2026-07-22T01:05:40.111+09:00  INFO 42712 --- [sbs] [           main] com.bk.sbs.service.GameDataService       : DataTableDailyBonus.json loaded successfully: 28일치
2026-07-22T01:05:40.677+09:00  WARN 42712 --- [sbs] [           main] JpaBaseConfiguration$JpaWebConfiguration : spring.jpa.open-in-view is enabled by default. Therefore, database queries may be performed during view rendering. Explicitly configure spring.jpa.open-in-view to disable this warning
2026-07-22T01:05:40.696+09:00  INFO 42712 --- [sbs] [           main] o.s.b.a.w.s.WelcomePageHandlerMapping    : Adding welcome page template: index
2026-07-22T01:05:40.801+09:00  WARN 42712 --- [sbs] [           main] .s.s.UserDetailsServiceAutoConfiguration : 

Using generated security password: f38554b0-a12c-4f95-ae46-d3485869720d

This generated password is for development use only. Your security configuration must be updated before running your application in production.

2026-07-22T01:05:40.807+09:00  INFO 42712 --- [sbs] [           main] r$InitializeUserDetailsManagerConfigurer : Global AuthenticationManager configured with UserDetailsService bean with name inMemoryUserDetailsManager
2026-07-22T01:05:41.135+09:00  INFO 42712 --- [sbs] [           main] o.s.b.w.embedded.tomcat.TomcatWebServer  : Tomcat started on port 8080 (http) with context path '/'
2026-07-22T01:05:41.143+09:00  INFO 42712 --- [sbs] [           main] com.bk.sbs.SbsApplication                : Started SbsApplication in 6.103 seconds (process running for 6.458)
2026-07-22T01:05:41.249+09:00  INFO 42712 --- [sbs] [           main] com.bk.sbs.util.AppConfigInitializer     : [AppConfig] 초기값 반영 완료
2026-07-22T01:05:41.257+09:00  INFO 42712 --- [sbs] [           main] com.bk.sbs.util.TestDataInitializer      : TestDataInitializer: 기본 더미 데이터 이미 존재
2026-07-22T01:05:41.260+09:00  INFO 42712 --- [sbs] [           main] com.bk.sbs.util.TestDataInitializer      : TestDataInitializer: PVP 더미 데이터 이미 존재, 스킵
2026-07-22T01:05:41.260+09:00  INFO 42712 --- [sbs] [           main] com.bk.sbs.util.TestDataInitializer      : TestDataInitializer: Zone 더미 데이터 이미 존재, 스킵
2026-07-22T01:05:41.657+09:00  INFO 42712 --- [sbs] [           main] com.bk.sbs.service.PvpService            : PVP Redis 동기화 완료: 3건
2026-07-22T01:05:41.686+09:00  INFO 42712 --- [sbs] [           main] com.bk.sbs.service.RankingService        : Zone 랭킹 Redis 동기화 완료: 3건
2026-07-22T01:05:41.690+09:00  INFO 42712 --- [sbs] [           main] com.bk.sbs.service.PvpSeasonService      : 서버 시작: 시즌 1 이어서 진행 (종료=2026-07-29T00:00:00Z, 보상지급=false)
2026-07-22T01:05:56.318+09:00  INFO 42712 --- [sbs] [nio-8080-exec-1] o.a.c.c.C.[Tomcat].[localhost].[/]       : Initializing Spring DispatcherServlet 'dispatcherServlet'
2026-07-22T01:05:56.319+09:00  INFO 42712 --- [sbs] [nio-8080-exec-1] o.s.web.servlet.DispatcherServlet        : Initializing Servlet 'dispatcherServlet'
2026-07-22T01:05:56.320+09:00  INFO 42712 --- [sbs] [nio-8080-exec-1] o.s.web.servlet.DispatcherServlet        : Completed initialization in 1 ms
2026-07-22T01:05:56.373+09:00  INFO 42712 --- [sbs] [nio-8080-exec-1] com.bk.sbs.service.AccountService        : Guest login attempt with guestId: test-fleet-preset-guest-002
2026-07-22T01:05:56.376+09:00  INFO 42712 --- [sbs] [nio-8080-exec-1] com.bk.sbs.service.AccountService        : Creating new guest account with guestId: test-fleet-preset-guest-002
2026-07-22T01:05:56.477+09:00  INFO 42712 --- [sbs] [nio-8080-exec-1] com.bk.sbs.service.AccountService        : createAccountWithDefaultCommander: accountId=5, email=guest_test-fleet-preset-guest-002
2026-07-22T01:05:56.487+09:00  INFO 42712 --- [sbs] [nio-8080-exec-1] com.bk.sbs.service.CommanderService      : createCommander: accountId=5, commanderId=5, name=commander_5
2026-07-22T01:06:02.489+09:00  INFO 42712 --- [sbs] [nio-8080-exec-2] com.bk.sbs.service.CommanderService      : createCommander: accountId=5, commanderId=6, name=commander_6
2026-07-22T01:06:07.174+09:00 DEBUG 42712 --- [sbs] [l-1:housekeeper] com.zaxxer.hikari.pool.HikariPool        : HikariPool-1 - Pool stats (total=10/10, idle=10/10, active=0, waiting=0)
2026-07-22T01:06:07.174+09:00 DEBUG 42712 --- [sbs] [l-1:housekeeper] com.zaxxer.hikari.pool.HikariPool        : HikariPool-1 - Fill pool skipped, pool has sufficient level or currently being filled.
2026-07-22T01:06:37.174+09:00 DEBUG 42712 --- [sbs] [l-1:housekeeper] com.zaxxer.hikari.pool.HikariPool        : HikariPool-1 - Pool stats (total=10/10, idle=10/10, active=0, waiting=0)
2026-07-22T01:06:37.174+09:00 DEBUG 42712 --- [sbs] [l-1:housekeeper] com.zaxxer.hikari.pool.HikariPool        : HikariPool-1 - Fill pool skipped, pool has sufficient level or currently being filled.

> Task :bootRun FAILED

FAILURE: Build failed with an exception.

* What went wrong:
Execution failed for task ':bootRun'.
> Process 'command 'C:\Program Files\Amazon Corretto\jdk21.0.8_9\bin\java.exe'' finished with non-zero exit value -1

* Try:
> Run with --stacktrace option to get the stack trace.
> Run with --info or --debug option to get more log output.
> Run with --scan to get full insights.
> Get more help at https://help.gradle.org.

BUILD FAILED in 1m 12s
4 actionable tasks: 2 executed, 2 up-to-date
